src/components/effects/Starfield.tsx(12,24): error TS2339: Property 'getContext' does not exist on type 'never'.
src/components/effects/Starfield.tsx(13,12): error TS2339: Property 'width' does not exist on type 'never'.
src/components/effects/Starfield.tsx(14,12): error TS2339: Property 'height' does not exist on type 'never'.
src/components/effects/Starfield.tsx(18,33): error TS2339: Property 'width' does not exist on type 'never'.
src/components/effects/Starfield.tsx(19,33): error TS2339: Property 'height' does not exist on type 'never'.
src/components/effects/Starfield.tsx(25,9): error TS7034: Variable 'animationId' implicitly has type 'any' in some locations where its type cannot be determined.
src/components/effects/Starfield.tsx(29,34): error TS2339: Property 'width' does not exist on type 'never'.
src/components/effects/Starfield.tsx(29,48): error TS2339: Property 'height' does not exist on type 'never'.
src/components/effects/Starfield.tsx(59,14): error TS2339: Property 'width' does not exist on type 'never'.
src/components/effects/Starfield.tsx(60,14): error TS2339: Property 'height' does not exist on type 'never'.
src/components/effects/Starfield.tsx(66,28): error TS7005: Variable 'animationId' implicitly has an 'any' type.
src/components/layout/Navigation.tsx(50,11): error TS2322: Type '{ afterSignOutUrl: string; appearance: { elements: { avatarBox: { width: string; height: string; border: string; }; userButtonPopoverCard: { backgroundColor: string; backdropFilter: string; border: string; }; }; }; }' is not assignable to type 'IntrinsicAttributes & Without<WithClerkProp<PropsWithChildren<UserButtonPropsWithoutCustomPages> & FallbackProp>, "clerk">'.
  Property 'afterSignOutUrl' does not exist on type 'IntrinsicAttributes & Without<WithClerkProp<PropsWithChildren<UserButtonPropsWithoutCustomPages> & FallbackProp>, "clerk">'.
src/components/productivity/FocusPanel.tsx(18,7): error TS2322: Type 'number' is not assignable to type 'null'.
src/components/productivity/FocusPanel.tsx(24,20): error TS7053: Element implicitly has an 'any' type because expression of type 'string' can't be used to index type '{ focus: number; short: number; long: number; }'.
  No index signature with a parameter of type 'string' was found on type '{ focus: number; short: number; long: number; }'.
src/components/productivity/FocusPanel.tsx(42,29): error TS7006: Parameter 'newMode' implicitly has an 'any' type.
src/components/productivity/FocusPanel.tsx(44,17): error TS7053: Element implicitly has an 'any' type because expression of type 'any' can't be used to index type '{ focus: number; short: number; long: number; }'.
src/components/productivity/FocusPanel.tsx(54,17): error TS7053: Element implicitly has an 'any' type because expression of type 'string' can't be used to index type '{ focus: number; short: number; long: number; }'.
  No index signature with a parameter of type 'string' was found on type '{ focus: number; short: number; long: number; }'.
src/components/productivity/FocusPanel.tsx(57,23): error TS7006: Parameter 'seconds' implicitly has an 'any' type.
src/components/productivity/FocusPanel.tsx(63,24): error TS7053: Element implicitly has an 'any' type because expression of type 'string' can't be used to index type '{ focus: number; short: number; long: number; }'.
  No index signature with a parameter of type 'string' was found on type '{ focus: number; short: number; long: number; }'.
src/components/productivity/FocusPanel.tsx(63,50): error TS7053: Element implicitly has an 'any' type because expression of type 'string' can't be used to index type '{ focus: number; short: number; long: number; }'.
  No index signature with a parameter of type 'string' was found on type '{ focus: number; short: number; long: number; }'.
src/components/productivity/HabitPanel.tsx(10,25): error TS7006: Parameter 'e' implicitly has an 'any' type.
src/components/productivity/HabitPanel.tsx(44,29): error TS2339: Property 'id' does not exist on type 'never'.
src/components/productivity/HabitPanel.tsx(46,58): error TS2339: Property 'name' does not exist on type 'never'.
src/components/productivity/HabitPanel.tsx(48,86): error TS2339: Property 'id' does not exist on type 'never'.
src/components/productivity/HabitPanel.tsx(54,45): error TS2339: Property 'completedDates' does not exist on type 'never'.
src/components/productivity/HabitPanel.tsx(61,59): error TS2339: Property 'id' does not exist on type 'never'.
src/components/productivity/NotesPanel.tsx(14,38): error TS2339: Property 'id' does not exist on type 'never'.
src/components/productivity/NotesPanel.tsx(22,27): error TS7006: Parameter 'note' implicitly has an 'any' type.
src/components/productivity/NotesPanel.tsx(30,30): error TS2339: Property 'id' does not exist on type 'never'.
src/components/productivity/NotesPanel.tsx(37,30): error TS2339: Property 'id' does not exist on type 'never'.
src/components/productivity/NotesPanel.tsx(59,28): error TS2339: Property 'id' does not exist on type 'never'.
src/components/productivity/NotesPanel.tsx(60,55): error TS2339: Property 'title' does not exist on type 'never'.
src/components/productivity/NotesPanel.tsx(61,57): error TS2339: Property 'body' does not exist on type 'never'.
src/components/productivity/NotesPanel.tsx(63,39): error TS2339: Property 'updatedAt' does not exist on type 'never'.
src/components/productivity/NotesPanel.tsx(95,42): error TS2339: Property 'id' does not exist on type 'never'.
src/components/productivity/TodoPanel.tsx(8,11): error TS6133: 'todos' is declared but its value is never read.
src/components/productivity/TodoPanel.tsx(12,25): error TS7006: Parameter 'e' implicitly has an 'any' type.
src/components/productivity/TodoPanel.tsx(61,28): error TS2339: Property 'id' does not exist on type 'never'.
src/components/productivity/TodoPanel.tsx(61,70): error TS2339: Property 'done' does not exist on type 'never'.
src/components/productivity/TodoPanel.tsx(63,56): error TS2339: Property 'done' does not exist on type 'never'.
src/components/productivity/TodoPanel.tsx(64,48): error TS2339: Property 'id' does not exist on type 'never'.
src/components/productivity/TodoPanel.tsx(66,23): error TS2339: Property 'done' does not exist on type 'never'.
src/components/productivity/TodoPanel.tsx(68,54): error TS2339: Property 'text' does not exist on type 'never'.
src/components/productivity/TodoPanel.tsx(69,21): error TS2339: Property 'category' does not exist on type 'never'.
src/components/productivity/TodoPanel.tsx(70,56): error TS2339: Property 'category' does not exist on type 'never'.
src/components/productivity/TodoPanel.tsx(72,81): error TS2339: Property 'id' does not exist on type 'never'.
src/components/time/Clock.tsx(3,18): error TS7031: Binding element 'time' implicitly has an 'any' type.
src/components/time/Clock.tsx(3,24): error TS7031: Binding element 'date' implicitly has an 'any' type.
src/components/time/ProgressRing.tsx(19,54): error TS6133: 'title' is declared but its value is never read.
src/components/ui/NameModal.tsx(6,11): error TS2339: Property 'setUsername' does not exist on type 'AppContextType'.
src/components/ui/NameModal.tsx(6,24): error TS2339: Property 'setShowNameModal' does not exist on type 'AppContextType'.
src/components/ui/NameModal.tsx(9,25): error TS7006: Parameter 'e' implicitly has an 'any' type.
src/hooks/useHabits.ts(11,21): error TS7006: Parameter 'name' implicitly has an 'any' type.
src/hooks/useHabits.ts(18,16): error TS2322: Type '{ id: number; name: any; completedDates: never[]; createdAt: string; }' is not assignable to type 'never'.
src/hooks/useHabits.ts(18,27): error TS2322: Type '{ id: number; name: any; completedDates: never[]; createdAt: string; }' is not assignable to type 'never'.
src/hooks/useHabits.ts(21,27): error TS7006: Parameter 'habitId' implicitly has an 'any' type.
src/hooks/useHabits.ts(21,36): error TS7006: Parameter 'dateString' implicitly has an 'any' type.
src/hooks/useHabits.ts(22,15): error TS2345: Argument of type 'any[]' is not assignable to parameter of type 'never[] | ((val: never[]) => never[])'.
  Type 'any[]' is not assignable to type 'never[]'.
    Type 'any' is not assignable to type 'never'.
src/hooks/useHabits.ts(23,17): error TS2339: Property 'id' does not exist on type 'never'.
src/hooks/useHabits.ts(25,27): error TS2339: Property 'completedDates' does not exist on type 'never'.
src/hooks/useHabits.ts(31,11): error TS2698: Spread types may only be created from object types.
src/hooks/useHabits.ts(32,40): error TS7006: Parameter 'd' implicitly has an 'any' type.
src/hooks/useHabits.ts(37,11): error TS2698: Spread types may only be created from object types.
src/hooks/useHabits.ts(44,24): error TS7006: Parameter 'id' implicitly has an 'any' type.
src/hooks/useHabits.ts(45,44): error TS2339: Property 'id' does not exist on type 'never'.
src/hooks/useHabits.ts(61,22): error TS7006: Parameter 'habit' implicitly has an 'any' type.
src/hooks/useNotes.ts(18,15): error TS2322: Type '{ id: number; title: string; body: string; createdAt: string; updatedAt: string; }' is not assignable to type 'never'.
src/hooks/useNotes.ts(22,23): error TS7006: Parameter 'id' implicitly has an 'any' type.
src/hooks/useNotes.ts(22,27): error TS7006: Parameter 'updates' implicitly has an 'any' type.
src/hooks/useNotes.ts(23,14): error TS2345: Argument of type 'any[]' is not assignable to parameter of type 'never[] | ((val: never[]) => never[])'.
  Type 'any[]' is not assignable to type 'never[]'.
    Type 'any' is not assignable to type 'never'.
src/hooks/useNotes.ts(24,12): error TS2339: Property 'id' does not exist on type 'never'.
src/hooks/useNotes.ts(25,13): error TS2698: Spread types may only be created from object types.
src/hooks/useNotes.ts(30,23): error TS7006: Parameter 'id' implicitly has an 'any' type.
src/hooks/useNotes.ts(31,40): error TS2339: Property 'id' does not exist on type 'never'.
src/hooks/useNotes.ts(34,20): error TS7006: Parameter 'id' implicitly has an 'any' type.
src/hooks/useNotes.ts(35,36): error TS2339: Property 'id' does not exist on type 'never'.
src/hooks/useTodos.ts(10,20): error TS7006: Parameter 'text' implicitly has an 'any' type.
src/hooks/useTodos.ts(18,15): error TS2322: Type '{ id: number; text: any; category: string; done: boolean; createdAt: string; }' is not assignable to type 'never'.
src/hooks/useTodos.ts(18,25): error TS2322: Type '{ id: number; text: any; category: string; done: boolean; createdAt: string; }' is not assignable to type 'never'.
src/hooks/useTodos.ts(21,23): error TS7006: Parameter 'id' implicitly has an 'any' type.
src/hooks/useTodos.ts(22,14): error TS2345: Argument of type 'any[]' is not assignable to parameter of type 'never[] | ((val: never[]) => never[])'.
  Type 'any[]' is not assignable to type 'never[]'.
    Type 'any' is not assignable to type 'never'.
src/hooks/useTodos.ts(23,12): error TS2339: Property 'id' does not exist on type 'never'.
src/hooks/useTodos.ts(23,26): error TS2698: Spread types may only be created from object types.
src/hooks/useTodos.ts(23,47): error TS2339: Property 'done' does not exist on type 'never'.
src/hooks/useTodos.ts(27,23): error TS7006: Parameter 'id' implicitly has an 'any' type.
src/hooks/useTodos.ts(28,40): error TS2339: Property 'id' does not exist on type 'never'.
src/hooks/useTodos.ts(31,31): error TS7006: Parameter 'category' implicitly has an 'any' type.
src/hooks/useTodos.ts(33,38): error TS2339: Property 'category' does not exist on type 'never'.
src/hooks/useTodos.ts(38,43): error TS2339: Property 'done' does not exist on type 'never'.
src/main.tsx(13,12): error TS2345: Argument of type 'HTMLElement | null' is not assignable to parameter of type 'Container'.
  Type 'null' is not assignable to type 'Container'.
